// Vitest Snapshot v1, https://vitest.dev/guide/snapshot.html

exports[`Calendar using date-fns > matches snapshot for calendar with classNames 1`] = `
<div>
  <div
    class="_calendarContainer_c87b17 custom-container"
  >
    <div
      class="_navigation_c87b17"
    >
      <button
        aria-label="Previous year"
        class="_navButton_c87b17"
        title="Previous year"
        type="button"
      >
        ‹‹
      </button>
      <button
        aria-label="Previous month"
        class="_navButton_c87b17"
        title="Previous month"
        type="button"
      >
        ‹
      </button>
      <div
        class="_caption_c87b17 custom-caption"
      >
        October 2023
      </div>
      <button
        aria-label="Next month"
        class="_navButton_c87b17"
        title="Next month"
        type="button"
      >
        ›
      </button>
      <button
        aria-label="Next year"
        class="_navButton_c87b17"
        title="Next year"
        type="button"
      >
        ››
      </button>
    </div>
    <table
      class="_calendar_c87b17"
    >
      <thead>
        <tr>
          <th
            class="_weekday_c87b17"
          >
            Su
          </th>
          <th
            class="_weekday_c87b17"
          >
            Mo
          </th>
          <th
            class="_weekday_c87b17"
          >
            Tu
          </th>
          <th
            class="_weekday_c87b17"
          >
            We
          </th>
          <th
            class="_weekday_c87b17"
          >
            Th
          </th>
          <th
            class="_weekday_c87b17"
          >
            Fr
          </th>
          <th
            class="_weekday_c87b17"
          >
            Sa
          </th>
        </tr>
      </thead>
      <tbody>
        <tr>
          <td
            class="_day_c87b17 custom-day"
            data-testid="1"
            role="gridcell"
            tabindex="0"
          >
            1
          </td>
          <td
            class="_day_c87b17 custom-day"
            data-testid="2"
            role="gridcell"
            tabindex="0"
          >
            2
          </td>
          <td
            class="_day_c87b17 custom-day"
            data-testid="3"
            role="gridcell"
            tabindex="0"
          >
            3
          </td>
          <td
            class="_day_c87b17 custom-day"
            data-testid="4"
            role="gridcell"
            tabindex="0"
          >
            4
          </td>
          <td
            class="_day_c87b17 custom-day"
            data-testid="5"
            role="gridcell"
            tabindex="0"
          >
            5
          </td>
          <td
            class="_day_c87b17 custom-day"
            data-testid="6"
            role="gridcell"
            tabindex="0"
          >
            6
          </td>
          <td
            class="_day_c87b17 custom-day"
            data-testid="7"
            role="gridcell"
            tabindex="0"
          >
            7
          </td>
        </tr>
        <tr>
          <td
            class="_day_c87b17 custom-day"
            data-testid="8"
            role="gridcell"
            tabindex="0"
          >
            8
          </td>
          <td
            class="_day_c87b17 custom-day"
            data-testid="9"
            role="gridcell"
            tabindex="0"
          >
            9
          </td>
          <td
            class="_day_c87b17 custom-day"
            data-testid="10"
            role="gridcell"
            tabindex="0"
          >
            10
          </td>
          <td
            class="_day_c87b17 custom-day"
            data-testid="11"
            role="gridcell"
            tabindex="0"
          >
            11
          </td>
          <td
            class="_day_c87b17 custom-day"
            data-testid="12"
            role="gridcell"
            tabindex="0"
          >
            12
          </td>
          <td
            class="_day_c87b17 custom-day"
            data-testid="13"
            role="gridcell"
            tabindex="0"
          >
            13
          </td>
          <td
            class="_day_c87b17 custom-day"
            data-testid="14"
            role="gridcell"
            tabindex="0"
          >
            14
          </td>
        </tr>
        <tr>
          <td
            aria-selected="true"
            class="_day_c87b17 custom-day _selected_c87b17"
            data-testid="15"
            role="gridcell"
            tabindex="0"
          >
            15
          </td>
          <td
            class="_day_c87b17 custom-day"
            data-testid="16"
            role="gridcell"
            tabindex="0"
          >
            16
          </td>
          <td
            class="_day_c87b17 custom-day"
            data-testid="17"
            role="gridcell"
            tabindex="0"
          >
            17
          </td>
          <td
            class="_day_c87b17 custom-day"
            data-testid="18"
            role="gridcell"
            tabindex="0"
          >
            18
          </td>
          <td
            class="_day_c87b17 custom-day"
            data-testid="19"
            role="gridcell"
            tabindex="0"
          >
            19
          </td>
          <td
            class="_day_c87b17 custom-day"
            data-testid="20"
            role="gridcell"
            tabindex="0"
          >
            20
          </td>
          <td
            class="_day_c87b17 custom-day"
            data-testid="21"
            role="gridcell"
            tabindex="0"
          >
            21
          </td>
        </tr>
        <tr>
          <td
            class="_day_c87b17 custom-day"
            data-testid="22"
            role="gridcell"
            tabindex="0"
          >
            22
          </td>
          <td
            class="_day_c87b17 custom-day"
            data-testid="23"
            role="gridcell"
            tabindex="0"
          >
            23
          </td>
          <td
            class="_day_c87b17 custom-day"
            data-testid="24"
            role="gridcell"
            tabindex="0"
          >
            24
          </td>
          <td
            class="_day_c87b17 custom-day"
            data-testid="25"
            role="gridcell"
            tabindex="0"
          >
            25
          </td>
          <td
            class="_day_c87b17 custom-day"
            data-testid="26"
            role="gridcell"
            tabindex="0"
          >
            26
          </td>
          <td
            class="_day_c87b17 custom-day"
            data-testid="27"
            role="gridcell"
            tabindex="0"
          >
            27
          </td>
          <td
            class="_day_c87b17 custom-day"
            data-testid="28"
            role="gridcell"
            tabindex="0"
          >
            28
          </td>
        </tr>
        <tr>
          <td
            class="_day_c87b17 custom-day"
            data-testid="29"
            role="gridcell"
            tabindex="0"
          >
            29
          </td>
          <td
            class="_day_c87b17 custom-day"
            data-testid="30"
            role="gridcell"
            tabindex="0"
          >
            30
          </td>
          <td
            class="_day_c87b17 custom-day"
            data-testid="31"
            role="gridcell"
            tabindex="0"
          >
            31
          </td>
          <td
            class="_day_c87b17 custom-day _faded_c87b17"
            data-testid="1"
            role="gridcell"
            tabindex="0"
          >
            1
          </td>
          <td
            class="_day_c87b17 custom-day _faded_c87b17"
            data-testid="2"
            role="gridcell"
            tabindex="0"
          >
            2
          </td>
          <td
            class="_day_c87b17 custom-day _faded_c87b17"
            data-testid="3"
            role="gridcell"
            tabindex="0"
          >
            3
          </td>
          <td
            class="_day_c87b17 custom-day _faded_c87b17"
            data-testid="4"
            role="gridcell"
            tabindex="0"
          >
            4
          </td>
        </tr>
      </tbody>
    </table>
  </div>
</div>
`;

exports[`Calendar using date-fns > matches snapshot for calendar with custom styles 1`] = `
<div>
  <div
    class="_calendarContainer_c87b17"
    style="background-color: #f0f0f0; padding: 20px;"
  >
    <div
      class="_navigation_c87b17"
    >
      <button
        aria-label="Previous year"
        class="_navButton_c87b17"
        title="Previous year"
        type="button"
      >
        ‹‹
      </button>
      <button
        aria-label="Previous month"
        class="_navButton_c87b17"
        title="Previous month"
        type="button"
      >
        ‹
      </button>
      <div
        class="_caption_c87b17"
        style="color: #333; font-weight: bold;"
      >
        October 2023
      </div>
      <button
        aria-label="Next month"
        class="_navButton_c87b17"
        title="Next month"
        type="button"
      >
        ›
      </button>
      <button
        aria-label="Next year"
        class="_navButton_c87b17"
        title="Next year"
        type="button"
      >
        ››
      </button>
    </div>
    <table
      class="_calendar_c87b17"
    >
      <thead>
        <tr>
          <th
            class="_weekday_c87b17"
          >
            Su
          </th>
          <th
            class="_weekday_c87b17"
          >
            Mo
          </th>
          <th
            class="_weekday_c87b17"
          >
            Tu
          </th>
          <th
            class="_weekday_c87b17"
          >
            We
          </th>
          <th
            class="_weekday_c87b17"
          >
            Th
          </th>
          <th
            class="_weekday_c87b17"
          >
            Fr
          </th>
          <th
            class="_weekday_c87b17"
          >
            Sa
          </th>
        </tr>
      </thead>
      <tbody>
        <tr>
          <td
            class="_day_c87b17"
            data-testid="1"
            role="gridcell"
            tabindex="0"
          >
            1
          </td>
          <td
            class="_day_c87b17"
            data-testid="2"
            role="gridcell"
            tabindex="0"
          >
            2
          </td>
          <td
            class="_day_c87b17"
            data-testid="3"
            role="gridcell"
            tabindex="0"
          >
            3
          </td>
          <td
            class="_day_c87b17"
            data-testid="4"
            role="gridcell"
            tabindex="0"
          >
            4
          </td>
          <td
            class="_day_c87b17"
            data-testid="5"
            role="gridcell"
            tabindex="0"
          >
            5
          </td>
          <td
            class="_day_c87b17"
            data-testid="6"
            role="gridcell"
            tabindex="0"
          >
            6
          </td>
          <td
            class="_day_c87b17"
            data-testid="7"
            role="gridcell"
            tabindex="0"
          >
            7
          </td>
        </tr>
        <tr>
          <td
            class="_day_c87b17"
            data-testid="8"
            role="gridcell"
            tabindex="0"
          >
            8
          </td>
          <td
            class="_day_c87b17"
            data-testid="9"
            role="gridcell"
            tabindex="0"
          >
            9
          </td>
          <td
            class="_day_c87b17"
            data-testid="10"
            role="gridcell"
            tabindex="0"
          >
            10
          </td>
          <td
            class="_day_c87b17"
            data-testid="11"
            role="gridcell"
            tabindex="0"
          >
            11
          </td>
          <td
            class="_day_c87b17"
            data-testid="12"
            role="gridcell"
            tabindex="0"
          >
            12
          </td>
          <td
            class="_day_c87b17"
            data-testid="13"
            role="gridcell"
            tabindex="0"
          >
            13
          </td>
          <td
            class="_day_c87b17"
            data-testid="14"
            role="gridcell"
            tabindex="0"
          >
            14
          </td>
        </tr>
        <tr>
          <td
            aria-selected="true"
            class="_day_c87b17 _selected_c87b17"
            data-testid="15"
            role="gridcell"
            tabindex="0"
          >
            15
          </td>
          <td
            class="_day_c87b17"
            data-testid="16"
            role="gridcell"
            tabindex="0"
          >
            16
          </td>
          <td
            class="_day_c87b17"
            data-testid="17"
            role="gridcell"
            tabindex="0"
          >
            17
          </td>
          <td
            class="_day_c87b17"
            data-testid="18"
            role="gridcell"
            tabindex="0"
          >
            18
          </td>
          <td
            class="_day_c87b17"
            data-testid="19"
            role="gridcell"
            tabindex="0"
          >
            19
          </td>
          <td
            class="_day_c87b17"
            data-testid="20"
            role="gridcell"
            tabindex="0"
          >
            20
          </td>
          <td
            class="_day_c87b17"
            data-testid="21"
            role="gridcell"
            tabindex="0"
          >
            21
          </td>
        </tr>
        <tr>
          <td
            class="_day_c87b17"
            data-testid="22"
            role="gridcell"
            tabindex="0"
          >
            22
          </td>
          <td
            class="_day_c87b17"
            data-testid="23"
            role="gridcell"
            tabindex="0"
          >
            23
          </td>
          <td
            class="_day_c87b17"
            data-testid="24"
            role="gridcell"
            tabindex="0"
          >
            24
          </td>
          <td
            class="_day_c87b17"
            data-testid="25"
            role="gridcell"
            tabindex="0"
          >
            25
          </td>
          <td
            class="_day_c87b17"
            data-testid="26"
            role="gridcell"
            tabindex="0"
          >
            26
          </td>
          <td
            class="_day_c87b17"
            data-testid="27"
            role="gridcell"
            tabindex="0"
          >
            27
          </td>
          <td
            class="_day_c87b17"
            data-testid="28"
            role="gridcell"
            tabindex="0"
          >
            28
          </td>
        </tr>
        <tr>
          <td
            class="_day_c87b17"
            data-testid="29"
            role="gridcell"
            tabindex="0"
          >
            29
          </td>
          <td
            class="_day_c87b17"
            data-testid="30"
            role="gridcell"
            tabindex="0"
          >
            30
          </td>
          <td
            class="_day_c87b17"
            data-testid="31"
            role="gridcell"
            tabindex="0"
          >
            31
          </td>
          <td
            class="_day_c87b17 _faded_c87b17"
            data-testid="1"
            role="gridcell"
            tabindex="0"
          >
            1
          </td>
          <td
            class="_day_c87b17 _faded_c87b17"
            data-testid="2"
            role="gridcell"
            tabindex="0"
          >
            2
          </td>
          <td
            class="_day_c87b17 _faded_c87b17"
            data-testid="3"
            role="gridcell"
            tabindex="0"
          >
            3
          </td>
          <td
            class="_day_c87b17 _faded_c87b17"
            data-testid="4"
            role="gridcell"
            tabindex="0"
          >
            4
          </td>
        </tr>
      </tbody>
    </table>
  </div>
</div>
`;

exports[`Calendar using date-fns > matches snapshot for calendar without default styles 1`] = `
<div>
  <div
    class=""
  >
    <div
      class=""
    >
      <button
        aria-label="Previous year"
        class=""
        title="Previous year"
        type="button"
      >
        ‹‹
      </button>
      <button
        aria-label="Previous month"
        class=""
        title="Previous month"
        type="button"
      >
        ‹
      </button>
      <div
        class=""
      >
        October 2023
      </div>
      <button
        aria-label="Next month"
        class=""
        title="Next month"
        type="button"
      >
        ›
      </button>
      <button
        aria-label="Next year"
        class=""
        title="Next year"
        type="button"
      >
        ››
      </button>
    </div>
    <table
      class="custom-calendar"
    >
      <thead>
        <tr>
          <th
            class=""
          >
            Su
          </th>
          <th
            class=""
          >
            Mo
          </th>
          <th
            class=""
          >
            Tu
          </th>
          <th
            class=""
          >
            We
          </th>
          <th
            class=""
          >
            Th
          </th>
          <th
            class=""
          >
            Fr
          </th>
          <th
            class=""
          >
            Sa
          </th>
        </tr>
      </thead>
      <tbody>
        <tr>
          <td
            class=""
            data-testid="1"
            role="gridcell"
            tabindex="0"
          >
            1
          </td>
          <td
            class=""
            data-testid="2"
            role="gridcell"
            tabindex="0"
          >
            2
          </td>
          <td
            class=""
            data-testid="3"
            role="gridcell"
            tabindex="0"
          >
            3
          </td>
          <td
            class=""
            data-testid="4"
            role="gridcell"
            tabindex="0"
          >
            4
          </td>
          <td
            class=""
            data-testid="5"
            role="gridcell"
            tabindex="0"
          >
            5
          </td>
          <td
            class=""
            data-testid="6"
            role="gridcell"
            tabindex="0"
          >
            6
          </td>
          <td
            class=""
            data-testid="7"
            role="gridcell"
            tabindex="0"
          >
            7
          </td>
        </tr>
        <tr>
          <td
            class=""
            data-testid="8"
            role="gridcell"
            tabindex="0"
          >
            8
          </td>
          <td
            class=""
            data-testid="9"
            role="gridcell"
            tabindex="0"
          >
            9
          </td>
          <td
            class=""
            data-testid="10"
            role="gridcell"
            tabindex="0"
          >
            10
          </td>
          <td
            class=""
            data-testid="11"
            role="gridcell"
            tabindex="0"
          >
            11
          </td>
          <td
            class=""
            data-testid="12"
            role="gridcell"
            tabindex="0"
          >
            12
          </td>
          <td
            class=""
            data-testid="13"
            role="gridcell"
            tabindex="0"
          >
            13
          </td>
          <td
            class=""
            data-testid="14"
            role="gridcell"
            tabindex="0"
          >
            14
          </td>
        </tr>
        <tr>
          <td
            aria-selected="true"
            class=""
            data-testid="15"
            role="gridcell"
            tabindex="0"
          >
            15
          </td>
          <td
            class=""
            data-testid="16"
            role="gridcell"
            tabindex="0"
          >
            16
          </td>
          <td
            class=""
            data-testid="17"
            role="gridcell"
            tabindex="0"
          >
            17
          </td>
          <td
            class=""
            data-testid="18"
            role="gridcell"
            tabindex="0"
          >
            18
          </td>
          <td
            class=""
            data-testid="19"
            role="gridcell"
            tabindex="0"
          >
            19
          </td>
          <td
            class=""
            data-testid="20"
            role="gridcell"
            tabindex="0"
          >
            20
          </td>
          <td
            class=""
            data-testid="21"
            role="gridcell"
            tabindex="0"
          >
            21
          </td>
        </tr>
        <tr>
          <td
            class=""
            data-testid="22"
            role="gridcell"
            tabindex="0"
          >
            22
          </td>
          <td
            class=""
            data-testid="23"
            role="gridcell"
            tabindex="0"
          >
            23
          </td>
          <td
            class=""
            data-testid="24"
            role="gridcell"
            tabindex="0"
          >
            24
          </td>
          <td
            class=""
            data-testid="25"
            role="gridcell"
            tabindex="0"
          >
            25
          </td>
          <td
            class=""
            data-testid="26"
            role="gridcell"
            tabindex="0"
          >
            26
          </td>
          <td
            class=""
            data-testid="27"
            role="gridcell"
            tabindex="0"
          >
            27
          </td>
          <td
            class=""
            data-testid="28"
            role="gridcell"
            tabindex="0"
          >
            28
          </td>
        </tr>
        <tr>
          <td
            class=""
            data-testid="29"
            role="gridcell"
            tabindex="0"
          >
            29
          </td>
          <td
            class=""
            data-testid="30"
            role="gridcell"
            tabindex="0"
          >
            30
          </td>
          <td
            class=""
            data-testid="31"
            role="gridcell"
            tabindex="0"
          >
            31
          </td>
          <td
            class=""
            data-testid="1"
            role="gridcell"
            tabindex="0"
          >
            1
          </td>
          <td
            class=""
            data-testid="2"
            role="gridcell"
            tabindex="0"
          >
            2
          </td>
          <td
            class=""
            data-testid="3"
            role="gridcell"
            tabindex="0"
          >
            3
          </td>
          <td
            class=""
            data-testid="4"
            role="gridcell"
            tabindex="0"
          >
            4
          </td>
        </tr>
      </tbody>
    </table>
  </div>
</div>
`;

exports[`Calendar using date-fns > matches snapshot for default calendar 1`] = `
<div>
  <div
    class="_calendarContainer_c87b17"
  >
    <div
      class="_navigation_c87b17"
    >
      <button
        aria-label="Previous year"
        class="_navButton_c87b17"
        title="Previous year"
        type="button"
      >
        ‹‹
      </button>
      <button
        aria-label="Previous month"
        class="_navButton_c87b17"
        title="Previous month"
        type="button"
      >
        ‹
      </button>
      <div
        class="_caption_c87b17"
      >
        October 2023
      </div>
      <button
        aria-label="Next month"
        class="_navButton_c87b17"
        title="Next month"
        type="button"
      >
        ›
      </button>
      <button
        aria-label="Next year"
        class="_navButton_c87b17"
        title="Next year"
        type="button"
      >
        ››
      </button>
    </div>
    <table
      class="_calendar_c87b17"
    >
      <thead>
        <tr>
          <th
            class="_weekday_c87b17"
          >
            Su
          </th>
          <th
            class="_weekday_c87b17"
          >
            Mo
          </th>
          <th
            class="_weekday_c87b17"
          >
            Tu
          </th>
          <th
            class="_weekday_c87b17"
          >
            We
          </th>
          <th
            class="_weekday_c87b17"
          >
            Th
          </th>
          <th
            class="_weekday_c87b17"
          >
            Fr
          </th>
          <th
            class="_weekday_c87b17"
          >
            Sa
          </th>
        </tr>
      </thead>
      <tbody>
        <tr>
          <td
            class="_day_c87b17"
            data-testid="1"
            role="gridcell"
            tabindex="0"
          >
            1
          </td>
          <td
            class="_day_c87b17"
            data-testid="2"
            role="gridcell"
            tabindex="0"
          >
            2
          </td>
          <td
            class="_day_c87b17"
            data-testid="3"
            role="gridcell"
            tabindex="0"
          >
            3
          </td>
          <td
            class="_day_c87b17"
            data-testid="4"
            role="gridcell"
            tabindex="0"
          >
            4
          </td>
          <td
            class="_day_c87b17"
            data-testid="5"
            role="gridcell"
            tabindex="0"
          >
            5
          </td>
          <td
            class="_day_c87b17"
            data-testid="6"
            role="gridcell"
            tabindex="0"
          >
            6
          </td>
          <td
            class="_day_c87b17"
            data-testid="7"
            role="gridcell"
            tabindex="0"
          >
            7
          </td>
        </tr>
        <tr>
          <td
            class="_day_c87b17"
            data-testid="8"
            role="gridcell"
            tabindex="0"
          >
            8
          </td>
          <td
            class="_day_c87b17"
            data-testid="9"
            role="gridcell"
            tabindex="0"
          >
            9
          </td>
          <td
            class="_day_c87b17"
            data-testid="10"
            role="gridcell"
            tabindex="0"
          >
            10
          </td>
          <td
            class="_day_c87b17"
            data-testid="11"
            role="gridcell"
            tabindex="0"
          >
            11
          </td>
          <td
            class="_day_c87b17"
            data-testid="12"
            role="gridcell"
            tabindex="0"
          >
            12
          </td>
          <td
            class="_day_c87b17"
            data-testid="13"
            role="gridcell"
            tabindex="0"
          >
            13
          </td>
          <td
            class="_day_c87b17"
            data-testid="14"
            role="gridcell"
            tabindex="0"
          >
            14
          </td>
        </tr>
        <tr>
          <td
            aria-selected="true"
            class="_day_c87b17 _selected_c87b17"
            data-testid="15"
            role="gridcell"
            tabindex="0"
          >
            15
          </td>
          <td
            class="_day_c87b17"
            data-testid="16"
            role="gridcell"
            tabindex="0"
          >
            16
          </td>
          <td
            class="_day_c87b17"
            data-testid="17"
            role="gridcell"
            tabindex="0"
          >
            17
          </td>
          <td
            class="_day_c87b17"
            data-testid="18"
            role="gridcell"
            tabindex="0"
          >
            18
          </td>
          <td
            class="_day_c87b17"
            data-testid="19"
            role="gridcell"
            tabindex="0"
          >
            19
          </td>
          <td
            class="_day_c87b17"
            data-testid="20"
            role="gridcell"
            tabindex="0"
          >
            20
          </td>
          <td
            class="_day_c87b17"
            data-testid="21"
            role="gridcell"
            tabindex="0"
          >
            21
          </td>
        </tr>
        <tr>
          <td
            class="_day_c87b17"
            data-testid="22"
            role="gridcell"
            tabindex="0"
          >
            22
          </td>
          <td
            class="_day_c87b17"
            data-testid="23"
            role="gridcell"
            tabindex="0"
          >
            23
          </td>
          <td
            class="_day_c87b17"
            data-testid="24"
            role="gridcell"
            tabindex="0"
          >
            24
          </td>
          <td
            class="_day_c87b17"
            data-testid="25"
            role="gridcell"
            tabindex="0"
          >
            25
          </td>
          <td
            class="_day_c87b17"
            data-testid="26"
            role="gridcell"
            tabindex="0"
          >
            26
          </td>
          <td
            class="_day_c87b17"
            data-testid="27"
            role="gridcell"
            tabindex="0"
          >
            27
          </td>
          <td
            class="_day_c87b17"
            data-testid="28"
            role="gridcell"
            tabindex="0"
          >
            28
          </td>
        </tr>
        <tr>
          <td
            class="_day_c87b17"
            data-testid="29"
            role="gridcell"
            tabindex="0"
          >
            29
          </td>
          <td
            class="_day_c87b17"
            data-testid="30"
            role="gridcell"
            tabindex="0"
          >
            30
          </td>
          <td
            class="_day_c87b17"
            data-testid="31"
            role="gridcell"
            tabindex="0"
          >
            31
          </td>
          <td
            class="_day_c87b17 _faded_c87b17"
            data-testid="1"
            role="gridcell"
            tabindex="0"
          >
            1
          </td>
          <td
            class="_day_c87b17 _faded_c87b17"
            data-testid="2"
            role="gridcell"
            tabindex="0"
          >
            2
          </td>
          <td
            class="_day_c87b17 _faded_c87b17"
            data-testid="3"
            role="gridcell"
            tabindex="0"
          >
            3
          </td>
          <td
            class="_day_c87b17 _faded_c87b17"
            data-testid="4"
            role="gridcell"
            tabindex="0"
          >
            4
          </td>
        </tr>
      </tbody>
    </table>
  </div>
</div>
`;

exports[`Calendar using date-fns > renders correctly with Date object 1`] = `
<div>
  <div
    class="_calendarContainer_c87b17"
  >
    <div
      class="_navigation_c87b17"
    >
      <button
        aria-label="Previous year"
        class="_navButton_c87b17"
        title="Previous year"
        type="button"
      >
        ‹‹
      </button>
      <button
        aria-label="Previous month"
        class="_navButton_c87b17"
        title="Previous month"
        type="button"
      >
        ‹
      </button>
      <div
        class="_caption_c87b17"
      >
        October 2023
      </div>
      <button
        aria-label="Next month"
        class="_navButton_c87b17"
        title="Next month"
        type="button"
      >
        ›
      </button>
      <button
        aria-label="Next year"
        class="_navButton_c87b17"
        title="Next year"
        type="button"
      >
        ››
      </button>
    </div>
    <table
      class="_calendar_c87b17"
    >
      <thead>
        <tr>
          <th
            class="_weekday_c87b17"
          >
            Su
          </th>
          <th
            class="_weekday_c87b17"
          >
            Mo
          </th>
          <th
            class="_weekday_c87b17"
          >
            Tu
          </th>
          <th
            class="_weekday_c87b17"
          >
            We
          </th>
          <th
            class="_weekday_c87b17"
          >
            Th
          </th>
          <th
            class="_weekday_c87b17"
          >
            Fr
          </th>
          <th
            class="_weekday_c87b17"
          >
            Sa
          </th>
        </tr>
      </thead>
      <tbody>
        <tr>
          <td
            class="_day_c87b17"
            data-testid="1"
            role="gridcell"
            tabindex="0"
          >
            1
          </td>
          <td
            class="_day_c87b17"
            data-testid="2"
            role="gridcell"
            tabindex="0"
          >
            2
          </td>
          <td
            class="_day_c87b17"
            data-testid="3"
            role="gridcell"
            tabindex="0"
          >
            3
          </td>
          <td
            class="_day_c87b17"
            data-testid="4"
            role="gridcell"
            tabindex="0"
          >
            4
          </td>
          <td
            class="_day_c87b17"
            data-testid="5"
            role="gridcell"
            tabindex="0"
          >
            5
          </td>
          <td
            class="_day_c87b17"
            data-testid="6"
            role="gridcell"
            tabindex="0"
          >
            6
          </td>
          <td
            class="_day_c87b17"
            data-testid="7"
            role="gridcell"
            tabindex="0"
          >
            7
          </td>
        </tr>
        <tr>
          <td
            class="_day_c87b17"
            data-testid="8"
            role="gridcell"
            tabindex="0"
          >
            8
          </td>
          <td
            class="_day_c87b17"
            data-testid="9"
            role="gridcell"
            tabindex="0"
          >
            9
          </td>
          <td
            class="_day_c87b17"
            data-testid="10"
            role="gridcell"
            tabindex="0"
          >
            10
          </td>
          <td
            class="_day_c87b17"
            data-testid="11"
            role="gridcell"
            tabindex="0"
          >
            11
          </td>
          <td
            class="_day_c87b17"
            data-testid="12"
            role="gridcell"
            tabindex="0"
          >
            12
          </td>
          <td
            class="_day_c87b17"
            data-testid="13"
            role="gridcell"
            tabindex="0"
          >
            13
          </td>
          <td
            class="_day_c87b17"
            data-testid="14"
            role="gridcell"
            tabindex="0"
          >
            14
          </td>
        </tr>
        <tr>
          <td
            aria-selected="true"
            class="_day_c87b17 _selected_c87b17"
            data-testid="15"
            role="gridcell"
            tabindex="0"
          >
            15
          </td>
          <td
            class="_day_c87b17"
            data-testid="16"
            role="gridcell"
            tabindex="0"
          >
            16
          </td>
          <td
            class="_day_c87b17"
            data-testid="17"
            role="gridcell"
            tabindex="0"
          >
            17
          </td>
          <td
            class="_day_c87b17"
            data-testid="18"
            role="gridcell"
            tabindex="0"
          >
            18
          </td>
          <td
            class="_day_c87b17"
            data-testid="19"
            role="gridcell"
            tabindex="0"
          >
            19
          </td>
          <td
            class="_day_c87b17"
            data-testid="20"
            role="gridcell"
            tabindex="0"
          >
            20
          </td>
          <td
            class="_day_c87b17"
            data-testid="21"
            role="gridcell"
            tabindex="0"
          >
            21
          </td>
        </tr>
        <tr>
          <td
            class="_day_c87b17"
            data-testid="22"
            role="gridcell"
            tabindex="0"
          >
            22
          </td>
          <td
            class="_day_c87b17"
            data-testid="23"
            role="gridcell"
            tabindex="0"
          >
            23
          </td>
          <td
            class="_day_c87b17"
            data-testid="24"
            role="gridcell"
            tabindex="0"
          >
            24
          </td>
          <td
            class="_day_c87b17"
            data-testid="25"
            role="gridcell"
            tabindex="0"
          >
            25
          </td>
          <td
            class="_day_c87b17"
            data-testid="26"
            role="gridcell"
            tabindex="0"
          >
            26
          </td>
          <td
            class="_day_c87b17"
            data-testid="27"
            role="gridcell"
            tabindex="0"
          >
            27
          </td>
          <td
            class="_day_c87b17"
            data-testid="28"
            role="gridcell"
            tabindex="0"
          >
            28
          </td>
        </tr>
        <tr>
          <td
            class="_day_c87b17"
            data-testid="29"
            role="gridcell"
            tabindex="0"
          >
            29
          </td>
          <td
            class="_day_c87b17"
            data-testid="30"
            role="gridcell"
            tabindex="0"
          >
            30
          </td>
          <td
            class="_day_c87b17"
            data-testid="31"
            role="gridcell"
            tabindex="0"
          >
            31
          </td>
          <td
            class="_day_c87b17 _faded_c87b17"
            data-testid="1"
            role="gridcell"
            tabindex="0"
          >
            1
          </td>
          <td
            class="_day_c87b17 _faded_c87b17"
            data-testid="2"
            role="gridcell"
            tabindex="0"
          >
            2
          </td>
          <td
            class="_day_c87b17 _faded_c87b17"
            data-testid="3"
            role="gridcell"
            tabindex="0"
          >
            3
          </td>
          <td
            class="_day_c87b17 _faded_c87b17"
            data-testid="4"
            role="gridcell"
            tabindex="0"
          >
            4
          </td>
        </tr>
      </tbody>
    </table>
  </div>
</div>
`;

exports[`Calendar using date-fns > renders correctly with different months 1`] = `
<div>
  <div
    class="_calendarContainer_c87b17"
  >
    <div
      class="_navigation_c87b17"
    >
      <button
        aria-label="Previous year"
        class="_navButton_c87b17"
        title="Previous year"
        type="button"
      >
        ‹‹
      </button>
      <button
        aria-label="Previous month"
        class="_navButton_c87b17"
        title="Previous month"
        type="button"
      >
        ‹
      </button>
      <div
        class="_caption_c87b17"
      >
        January 2024
      </div>
      <button
        aria-label="Next month"
        class="_navButton_c87b17"
        title="Next month"
        type="button"
      >
        ›
      </button>
      <button
        aria-label="Next year"
        class="_navButton_c87b17"
        title="Next year"
        type="button"
      >
        ››
      </button>
    </div>
    <table
      class="_calendar_c87b17"
    >
      <thead>
        <tr>
          <th
            class="_weekday_c87b17"
          >
            Su
          </th>
          <th
            class="_weekday_c87b17"
          >
            Mo
          </th>
          <th
            class="_weekday_c87b17"
          >
            Tu
          </th>
          <th
            class="_weekday_c87b17"
          >
            We
          </th>
          <th
            class="_weekday_c87b17"
          >
            Th
          </th>
          <th
            class="_weekday_c87b17"
          >
            Fr
          </th>
          <th
            class="_weekday_c87b17"
          >
            Sa
          </th>
        </tr>
      </thead>
      <tbody>
        <tr>
          <td
            class="_day_c87b17 _faded_c87b17"
            data-testid="31"
            role="gridcell"
            tabindex="0"
          >
            31
          </td>
          <td
            class="_day_c87b17"
            data-testid="1"
            role="gridcell"
            tabindex="0"
          >
            1
          </td>
          <td
            class="_day_c87b17"
            data-testid="2"
            role="gridcell"
            tabindex="0"
          >
            2
          </td>
          <td
            class="_day_c87b17"
            data-testid="3"
            role="gridcell"
            tabindex="0"
          >
            3
          </td>
          <td
            class="_day_c87b17"
            data-testid="4"
            role="gridcell"
            tabindex="0"
          >
            4
          </td>
          <td
            class="_day_c87b17"
            data-testid="5"
            role="gridcell"
            tabindex="0"
          >
            5
          </td>
          <td
            class="_day_c87b17"
            data-testid="6"
            role="gridcell"
            tabindex="0"
          >
            6
          </td>
        </tr>
        <tr>
          <td
            class="_day_c87b17"
            data-testid="7"
            role="gridcell"
            tabindex="0"
          >
            7
          </td>
          <td
            class="_day_c87b17"
            data-testid="8"
            role="gridcell"
            tabindex="0"
          >
            8
          </td>
          <td
            class="_day_c87b17"
            data-testid="9"
            role="gridcell"
            tabindex="0"
          >
            9
          </td>
          <td
            class="_day_c87b17"
            data-testid="10"
            role="gridcell"
            tabindex="0"
          >
            10
          </td>
          <td
            class="_day_c87b17"
            data-testid="11"
            role="gridcell"
            tabindex="0"
          >
            11
          </td>
          <td
            class="_day_c87b17"
            data-testid="12"
            role="gridcell"
            tabindex="0"
          >
            12
          </td>
          <td
            class="_day_c87b17"
            data-testid="13"
            role="gridcell"
            tabindex="0"
          >
            13
          </td>
        </tr>
        <tr>
          <td
            class="_day_c87b17"
            data-testid="14"
            role="gridcell"
            tabindex="0"
          >
            14
          </td>
          <td
            aria-selected="true"
            class="_day_c87b17 _selected_c87b17"
            data-testid="15"
            role="gridcell"
            tabindex="0"
          >
            15
          </td>
          <td
            class="_day_c87b17"
            data-testid="16"
            role="gridcell"
            tabindex="0"
          >
            16
          </td>
          <td
            class="_day_c87b17"
            data-testid="17"
            role="gridcell"
            tabindex="0"
          >
            17
          </td>
          <td
            class="_day_c87b17"
            data-testid="18"
            role="gridcell"
            tabindex="0"
          >
            18
          </td>
          <td
            class="_day_c87b17"
            data-testid="19"
            role="gridcell"
            tabindex="0"
          >
            19
          </td>
          <td
            class="_day_c87b17"
            data-testid="20"
            role="gridcell"
            tabindex="0"
          >
            20
          </td>
        </tr>
        <tr>
          <td
            class="_day_c87b17"
            data-testid="21"
            role="gridcell"
            tabindex="0"
          >
            21
          </td>
          <td
            class="_day_c87b17"
            data-testid="22"
            role="gridcell"
            tabindex="0"
          >
            22
          </td>
          <td
            class="_day_c87b17"
            data-testid="23"
            role="gridcell"
            tabindex="0"
          >
            23
          </td>
          <td
            class="_day_c87b17"
            data-testid="24"
            role="gridcell"
            tabindex="0"
          >
            24
          </td>
          <td
            class="_day_c87b17"
            data-testid="25"
            role="gridcell"
            tabindex="0"
          >
            25
          </td>
          <td
            class="_day_c87b17"
            data-testid="26"
            role="gridcell"
            tabindex="0"
          >
            26
          </td>
          <td
            class="_day_c87b17"
            data-testid="27"
            role="gridcell"
            tabindex="0"
          >
            27
          </td>
        </tr>
        <tr>
          <td
            class="_day_c87b17"
            data-testid="28"
            role="gridcell"
            tabindex="0"
          >
            28
          </td>
          <td
            class="_day_c87b17"
            data-testid="29"
            role="gridcell"
            tabindex="0"
          >
            29
          </td>
          <td
            class="_day_c87b17"
            data-testid="30"
            role="gridcell"
            tabindex="0"
          >
            30
          </td>
          <td
            class="_day_c87b17"
            data-testid="31"
            role="gridcell"
            tabindex="0"
          >
            31
          </td>
          <td
            class="_day_c87b17 _faded_c87b17"
            data-testid="1"
            role="gridcell"
            tabindex="0"
          >
            1
          </td>
          <td
            class="_day_c87b17 _faded_c87b17"
            data-testid="2"
            role="gridcell"
            tabindex="0"
          >
            2
          </td>
          <td
            class="_day_c87b17 _faded_c87b17"
            data-testid="3"
            role="gridcell"
            tabindex="0"
          >
            3
          </td>
        </tr>
      </tbody>
    </table>
  </div>
</div>
`;

exports[`Calendar using date-fns > renders correctly with different months 2`] = `
<div>
  <div
    class="_calendarContainer_c87b17"
  >
    <div
      class="_navigation_c87b17"
    >
      <button
        aria-label="Previous year"
        class="_navButton_c87b17"
        title="Previous year"
        type="button"
      >
        ‹‹
      </button>
      <button
        aria-label="Previous month"
        class="_navButton_c87b17"
        title="Previous month"
        type="button"
      >
        ‹
      </button>
      <div
        class="_caption_c87b17"
      >
        December 2024
      </div>
      <button
        aria-label="Next month"
        class="_navButton_c87b17"
        title="Next month"
        type="button"
      >
        ›
      </button>
      <button
        aria-label="Next year"
        class="_navButton_c87b17"
        title="Next year"
        type="button"
      >
        ››
      </button>
    </div>
    <table
      class="_calendar_c87b17"
    >
      <thead>
        <tr>
          <th
            class="_weekday_c87b17"
          >
            Su
          </th>
          <th
            class="_weekday_c87b17"
          >
            Mo
          </th>
          <th
            class="_weekday_c87b17"
          >
            Tu
          </th>
          <th
            class="_weekday_c87b17"
          >
            We
          </th>
          <th
            class="_weekday_c87b17"
          >
            Th
          </th>
          <th
            class="_weekday_c87b17"
          >
            Fr
          </th>
          <th
            class="_weekday_c87b17"
          >
            Sa
          </th>
        </tr>
      </thead>
      <tbody>
        <tr>
          <td
            class="_day_c87b17"
            data-testid="1"
            role="gridcell"
            tabindex="0"
          >
            1
          </td>
          <td
            class="_day_c87b17"
            data-testid="2"
            role="gridcell"
            tabindex="0"
          >
            2
          </td>
          <td
            class="_day_c87b17"
            data-testid="3"
            role="gridcell"
            tabindex="0"
          >
            3
          </td>
          <td
            class="_day_c87b17"
            data-testid="4"
            role="gridcell"
            tabindex="0"
          >
            4
          </td>
          <td
            class="_day_c87b17"
            data-testid="5"
            role="gridcell"
            tabindex="0"
          >
            5
          </td>
          <td
            class="_day_c87b17"
            data-testid="6"
            role="gridcell"
            tabindex="0"
          >
            6
          </td>
          <td
            class="_day_c87b17"
            data-testid="7"
            role="gridcell"
            tabindex="0"
          >
            7
          </td>
        </tr>
        <tr>
          <td
            class="_day_c87b17"
            data-testid="8"
            role="gridcell"
            tabindex="0"
          >
            8
          </td>
          <td
            class="_day_c87b17"
            data-testid="9"
            role="gridcell"
            tabindex="0"
          >
            9
          </td>
          <td
            class="_day_c87b17"
            data-testid="10"
            role="gridcell"
            tabindex="0"
          >
            10
          </td>
          <td
            class="_day_c87b17"
            data-testid="11"
            role="gridcell"
            tabindex="0"
          >
            11
          </td>
          <td
            class="_day_c87b17"
            data-testid="12"
            role="gridcell"
            tabindex="0"
          >
            12
          </td>
          <td
            class="_day_c87b17"
            data-testid="13"
            role="gridcell"
            tabindex="0"
          >
            13
          </td>
          <td
            class="_day_c87b17"
            data-testid="14"
            role="gridcell"
            tabindex="0"
          >
            14
          </td>
        </tr>
        <tr>
          <td
            class="_day_c87b17"
            data-testid="15"
            role="gridcell"
            tabindex="0"
          >
            15
          </td>
          <td
            class="_day_c87b17"
            data-testid="16"
            role="gridcell"
            tabindex="0"
          >
            16
          </td>
          <td
            class="_day_c87b17"
            data-testid="17"
            role="gridcell"
            tabindex="0"
          >
            17
          </td>
          <td
            class="_day_c87b17"
            data-testid="18"
            role="gridcell"
            tabindex="0"
          >
            18
          </td>
          <td
            class="_day_c87b17"
            data-testid="19"
            role="gridcell"
            tabindex="0"
          >
            19
          </td>
          <td
            class="_day_c87b17"
            data-testid="20"
            role="gridcell"
            tabindex="0"
          >
            20
          </td>
          <td
            class="_day_c87b17"
            data-testid="21"
            role="gridcell"
            tabindex="0"
          >
            21
          </td>
        </tr>
        <tr>
          <td
            class="_day_c87b17"
            data-testid="22"
            role="gridcell"
            tabindex="0"
          >
            22
          </td>
          <td
            class="_day_c87b17"
            data-testid="23"
            role="gridcell"
            tabindex="0"
          >
            23
          </td>
          <td
            class="_day_c87b17"
            data-testid="24"
            role="gridcell"
            tabindex="0"
          >
            24
          </td>
          <td
            aria-selected="true"
            class="_day_c87b17 _selected_c87b17"
            data-testid="25"
            role="gridcell"
            tabindex="0"
          >
            25
          </td>
          <td
            class="_day_c87b17"
            data-testid="26"
            role="gridcell"
            tabindex="0"
          >
            26
          </td>
          <td
            class="_day_c87b17"
            data-testid="27"
            role="gridcell"
            tabindex="0"
          >
            27
          </td>
          <td
            class="_day_c87b17"
            data-testid="28"
            role="gridcell"
            tabindex="0"
          >
            28
          </td>
        </tr>
        <tr>
          <td
            class="_day_c87b17"
            data-testid="29"
            role="gridcell"
            tabindex="0"
          >
            29
          </td>
          <td
            class="_day_c87b17"
            data-testid="30"
            role="gridcell"
            tabindex="0"
          >
            30
          </td>
          <td
            class="_day_c87b17"
            data-testid="31"
            role="gridcell"
            tabindex="0"
          >
            31
          </td>
          <td
            class="_day_c87b17 _faded_c87b17"
            data-testid="1"
            role="gridcell"
            tabindex="0"
          >
            1
          </td>
          <td
            class="_day_c87b17 _faded_c87b17"
            data-testid="2"
            role="gridcell"
            tabindex="0"
          >
            2
          </td>
          <td
            class="_day_c87b17 _faded_c87b17"
            data-testid="3"
            role="gridcell"
            tabindex="0"
          >
            3
          </td>
          <td
            class="_day_c87b17 _faded_c87b17"
            data-testid="4"
            role="gridcell"
            tabindex="0"
          >
            4
          </td>
        </tr>
      </tbody>
    </table>
  </div>
</div>
`;
